exports[`Chat matches snapshot 1`] = `
<ChatComponent
  chatStatus="TEST"
  chatStyle="TEST"
  dispatch={[Function]}
  store={
    Object {
      "dispatch": [Function],
      "getState": [Function],
      "subscribe": [Function],
    }
  } />
`;
