// Jest Snapshot v1, https://goo.gl/fbAQLP

exports[`<ThemeProvider /> should render  1`] = `"<undefined theme=\\"messenger\\"><span>Hello World</span></undefined>"`;
