exports[`Input matches snapshot 1`] = `
<textarea
  className="Input_undefined"
  onChange={[Function]}
  onKeyDown={[Function]}
  placeholder="Type a messageâ€¦"
  type="text"
  value="" />
`;
